                        .module main.c
                        .area text(rom, con, rel)
 0000                   .dbfile ./main.c
                        .area lit(rom, con, rel, lit)
 0000           _ip_to_Vout_Lookup::
 0000 0001              .byte 0,1
 0002 0102              .byte 1,2
 0004 0304              .byte 3,4
 0006 0405              .byte 4,5
 0008 0607              .byte 6,7
 000A 0808              .byte 8,8
 000C 090A              .byte 9,10
 000E 0B0C              .byte 11,12
 0010 0C0D              .byte 12,13
 0012 0E0F              .byte 14,15
 0014 1011              .byte 16,17
 0016 1112              .byte 17,18
 0018 1314              .byte 19,20
 001A 1516              .byte 21,22
 001C 1617              .byte 22,23
 001E 1819              .byte 24,25
 0020 1A1B              .byte 26,27
 0022 1B1C              .byte 27,28
 0024 1D1E              .byte 29,30
 0026 1F20              .byte 31,32
 0028 2122              .byte 33,34
 002A 2223              .byte 34,35
 002C 2425              .byte 36,37
 002E 2627              .byte 38,39
 0030 2829              .byte 40,41
 0032 2A2B              .byte 42,43
 0034 2C2C              .byte 44,44
 0036 2D2E              .byte 45,46
 0038 2F30              .byte 47,48
 003A 3132              .byte 49,50
 003C 3334              .byte 51,52
 003E 3536              .byte 53,54
 0040 3738              .byte 55,56
 0042 393A              .byte 57,58
 0044 3B3C              .byte 59,60
 0046 3D3E              .byte 61,62
 0048 3F40              .byte 63,64
 004A 4142              .byte 'A,'B
 004C 4344              .byte 'C,'D
 004E 4546              .byte 'E,'F
 0050 4748              .byte 'G,'H
 0052 494A              .byte 'I,'J
 0054 4C4D              .byte 'L,'M
 0056 4E4F              .byte 'N,'O
 0058 5051              .byte 'P,'Q
 005A 5253              .byte 'R,'S
 005C 5456              .byte 'T,'V
 005E 5758              .byte 'W,'X
 0060 595A              .byte 'Y,'Z
 0062 5B5C              .byte 91,92
 0064 5E5F              .byte 94,95
 0066 6061              .byte 96,'a
 0068 6264              .byte 'b,'d
 006A 6566              .byte 'e,'f
 006C 6769              .byte 'g,'i
 006E 6A6B              .byte 'j,'k
 0070 6C6E              .byte 'l,'n
 0072 6F70              .byte 'o,'p
 0074 7173              .byte 'q,'s
 0076 7475              .byte 't,'u
 0078 7778              .byte 'w,'x
 007A 7B7E              .byte 123,126
 007C 8184              .byte 129,132
 007E 878A              .byte 135,138
 0080 8D90              .byte 141,144
 0082 9397              .byte 147,151
 0084 9A9D              .byte 154,157
 0086 A1A4              .byte 161,164
 0088 A8AB              .byte 168,171
 008A AFB2              .byte 175,178
 008C B6BA              .byte 182,186
 008E BEC2              .byte 190,194
 0090 C5C9              .byte 197,201
 0092 CED2              .byte 206,210
 0094 D6DA              .byte 214,218
 0096 DEE3              .byte 222,227
 0098 E7EC              .byte 231,236
 009A F0F5              .byte 240,245
 009C FAFF              .byte 250,255
 009E                   .dbfile C:\Work\SLC_FR~3\Dev\SLC_FR~3\SLC_FR~1\SLC_FR~1\main.c
 009E                   .dbsym e ip_to_Vout_Lookup _ip_to_Vout_Lookup A[158:158]kc
 009E           _ip_to_Lambda_Lookup::
 009E 4444              .byte 'D,'D
 00A0 4445              .byte 'D,'E
 00A2 4545              .byte 'E,'E
 00A4 4545              .byte 'E,'E
 00A6 4646              .byte 'F,'F
 00A8 4646              .byte 'F,'F
 00AA 4647              .byte 'F,'G
 00AC 4747              .byte 'G,'G
 00AE 4748              .byte 'G,'H
 00B0 4848              .byte 'H,'H
 00B2 4848              .byte 'H,'H
 00B4 4949              .byte 'I,'I
 00B6 4949              .byte 'I,'I
 00B8 4A4A              .byte 'J,'J
 00BA 4A4A              .byte 'J,'J
 00BC 4A4B              .byte 'J,'K
 00BE 4B4B              .byte 'K,'K
 00C0 4B4C              .byte 'K,'L
 00C2 4C4C              .byte 'L,'L
 00C4 4C4C              .byte 'L,'L
 00C6 4D4D              .byte 'M,'M
 00C8 4D4D              .byte 'M,'M
 00CA 4E4E              .byte 'N,'N
 00CC 4E4E              .byte 'N,'N
 00CE 4F4F              .byte 'O,'O
 00D0 4F4F              .byte 'O,'O
 00D2 5050              .byte 'P,'P
 00D4 5050              .byte 'P,'P
 00D6 5151              .byte 'Q,'Q
 00D8 5151              .byte 'Q,'Q
 00DA 5252              .byte 'R,'R
 00DC 5252              .byte 'R,'R
 00DE 5353              .byte 'S,'S
 00E0 5353              .byte 'S,'S
 00E2 5454              .byte 'T,'T
 00E4 5455              .byte 'T,'U
 00E6 5555              .byte 'U,'U
 00E8 5556              .byte 'U,'V
 00EA 5656              .byte 'V,'V
 00EC 5657              .byte 'V,'W
 00EE 5757              .byte 'W,'W
 00F0 5858              .byte 'X,'X
 00F2 5858              .byte 'X,'X
 00F4 5959              .byte 'Y,'Y
 00F6 595A              .byte 'Y,'Z
 00F8 5A5A              .byte 'Z,'Z
 00FA 5B5B              .byte 91,91
 00FC 5B5B              .byte 91,91
 00FE 5C5C              .byte 92,92
 0100 5C5D              .byte 92,93
 0102 5D5D              .byte 93,93
 0104 5E5E              .byte 94,94
 0106 5E5F              .byte 94,95
 0108 5F5F              .byte 95,95
 010A 6060              .byte 96,96
 010C 6061              .byte 96,'a
 010E 6161              .byte 'a,'a
 0110 6262              .byte 'b,'b
 0112 6263              .byte 'b,'c
 0114 6363              .byte 'c,'c
 0116 6464              .byte 'd,'d
 0118 6566              .byte 'e,'f
 011A 6667              .byte 'f,'g
 011C 6869              .byte 'h,'i
 011E 6A6A              .byte 'j,'j
 0120 6B6C              .byte 'k,'l
 0122 6D6E              .byte 'm,'n
 0124 6F70              .byte 'o,'p
 0126 7172              .byte 'q,'r
 0128 7374              .byte 's,'t
 012A 7576              .byte 'u,'v
 012C 7778              .byte 'w,'x
 012E 797A              .byte 'y,'z
 0130 7B7C              .byte 123,124
 0132 7D7E              .byte 125,126
 0134 7F80              .byte 127,128
 0136 8283              .byte 130,131
 0138 8485              .byte 132,133
 013A 8788              .byte 135,136
 013C                   .dbsym e ip_to_Lambda_Lookup _ip_to_Lambda_Lookup A[158:158]kc
 013C           _Ri_Delta_to_Temperature_C::
 013C 504E              .byte 'P,'N
 013E 4D4B              .byte 'M,'K
 0140 4A49              .byte 'J,'I
 0142 4746              .byte 'G,'F
 0144 4443              .byte 'D,'C
 0146 4140              .byte 'A,64
 0148 3F3D              .byte 63,61
 014A 3C3B              .byte 60,59
 014C 3A38              .byte 58,56
 014E 3736              .byte 55,54
 0150 3433              .byte 52,51
 0152 3231              .byte 50,49
 0154 302E              .byte 48,46
 0156 2D2C              .byte 45,44
 0158 2B2A              .byte 43,42
 015A 2928              .byte 41,40
 015C 2725              .byte 39,37
 015E 2423              .byte 36,35
 0160 2221              .byte 34,33
 0162 201F              .byte 32,31
 0164 1E1D              .byte 30,29
 0166 1C1B              .byte 28,27
 0168 1A19              .byte 26,25
 016A 1817              .byte 24,23
 016C 1615              .byte 22,21
 016E 1413              .byte 20,19
 0170 1212              .byte 18,18
 0172 1110              .byte 17,16
 0174 0F0E              .byte 15,14
 0176 0D0C              .byte 13,12
 0178 0B0B              .byte 11,11
 017A 0A09              .byte 10,9
 017C 0807              .byte 8,7
 017E 0605              .byte 6,5
 0180 0504              .byte 5,4
 0182 0302              .byte 3,2
 0184 0101              .byte 1,1
 0186 00                .byte 0
 0187                   .dbsym e Ri_Delta_to_Temperature_C _Ri_Delta_to_Temperature_C A[75:75]kc
                        .area data(ram, con, rel)
 0000                   .dbfile C:\Work\SLC_FR~3\Dev\SLC_FR~3\SLC_FR~1\SLC_FR~1\main.c
 0000           _Ri_Mid_Error_Sum::
 0000                   .blkb 2
                        .area idata(rom,lit)
 0000 0000              .word 0
                        .area data(ram, con, rel)
 0002                   .dbfile C:\Work\SLC_FR~3\Dev\SLC_FR~3\SLC_FR~1\SLC_FR~1\main.c
 0002                   .dbsym e Ri_Mid_Error_Sum _Ri_Mid_Error_Sum I
 0002           _Ri_Delta_Error_Sum::
 0002                   .blkb 2
                        .area idata(rom,lit)
 0002 0000              .word 0
                        .area data(ram, con, rel)
 0004                   .dbfile C:\Work\SLC_FR~3\Dev\SLC_FR~3\SLC_FR~1\SLC_FR~1\main.c
 0004                   .dbsym e Ri_Delta_Error_Sum _Ri_Delta_Error_Sum I
 0004           _Heatup_Heater_Output::
 0004                   .blkb 1
                        .area idata(rom,lit)
 0004 64                .byte 100
                        .area data(ram, con, rel)
 0005                   .dbfile C:\Work\SLC_FR~3\Dev\SLC_FR~3\SLC_FR~1\SLC_FR~1\main.c
 0005                   .dbsym e Heatup_Heater_Output _Heatup_Heater_Output c
                        .area text(rom, con, rel)
 0000                   .dbfile C:\Work\SLC_FR~3\Dev\SLC_FR~3\SLC_FR~1\SLC_FR~1\main.c
 0000                   .dbfunc e Heater_PID _Heater_PID fV
 0000           _Heater_PID::
 0000                   .dbline -1
 0000                   .dbline 105
 0000           ; //----------------------------------------------------------------------------
 0000           ; // C main line
 0000           ; //----------------------------------------------------------------------------
 0000           ; 
 0000           ; #include <m8c.h>        // part specific constants and macros
 0000           ; #include "PSoCAPI.h"    // PSoC API definitions for all User Modules
 0000           ; extern BYTE ADC_Counter; //Variable Declared in ADCININT.asm
 0000           ; extern BYTE Ri_Max_x1; //Variable Declared in ADCININT.asm
 0000           ; extern BYTE Ri_Min_x1; //Variable Declared in ADCININT.asm
 0000           ; extern BYTE ip_x1; //Variable Declared in ADCININT.asm
 0000           ; extern BYTE ADC_IF; //Variable Declared in ADCININT.asm
 0000           ; extern BYTE Sleep_Counter; //Variable Declared in SleepTimerINT.asm
 0000           ; 
 0000           ; #define Vout_Lookup_Counter_Set 25
 0000           ; #define LCD_Counter_Set 50
 0000           ; 
 0000           ; #define Lin_Out
 0000           ; #define NB_Out
 0000           ; #define LCD_Lambda_Text
 0000           ; //#define LCD_AFR_Text
 0000           ; //#define LCD_Lambda_Graph
 0000           ; #define LCD_Temperature_Text
 0000           ; //#define LCD_Temperature_Graph
 0000           ; //#define PID_Tune
 0000           ; #define Ri_Filter_Strength 4
 0000           ; #define ip_Filter_Strength 4
 0000           ; 
 0000           ; #ifdef PID_Tune
 0000           ;       INT Ri_Mid_Target= 286;//271; //
 0000           ;       INT Ia_PID_Kp = 25;
 0000           ;       INT Ia_PID_Ki = 4;
 0000           ;       INT Ia_Output_Bias = 256;
 0000           ;       INT Ri_Delta_Target=143; //PID Target peak to peak Voltage of Nermest Cell
 0000           ;       INT Heater_PID_Kp =-72;
 0000           ;       INT Heater_PID_Ki =-4;
 0000           ;       INT Heater_PID_Output_Bias =128;
 0000           ; #else
 0000           ;       #define Ri_Mid_Target 286 //271 //256+14.769 = 2.53v = 2.08v(VGND) + 0.45v, PID Target Voltage of Nermest Cell
 0000           ;       #define Ia_PID_Kp 25
 0000           ;       #define Ia_PID_Ki 4
 0000           ;       #define Ia_Output_Bias 256
 0000           ;       #define Ri_Delta_Target 143 //PID Target peak to peak Voltage of Nermest Cell
 0000           ;       #define Heater_PID_Kp -72
 0000           ;       #define Heater_PID_Ki -4
 0000           ;       #define Heater_PID_Output_Bias 128
 0000           ; #endif
 0000           ; 
 0000           ; #ifdef Lin_Out
 0000           ;       #define ip_to_Vout_Lookup_Start 135
 0000           ;       #define ip_to_Vout_Lookup_Size 158
 0000           ;       const BYTE ip_to_Vout_Lookup[ip_to_Vout_Lookup_Size] = {0,1,1,2,3,4,4,5,6,7,8,8,9,10,11,12,12,13,14,15,16,17,17,18,19,20,21,22,22,23,24,25,26,27,27,28,29,30,31,32,33,34,34,35,36,37,38,39,40,41,42,43,44,44,45,46,47,48,49,50,51,52,53,54,55,56,57,58,59,60,61,62,63,64,65,66,67,68,69,70,71,72,73,74,76,77,78,79,80,81,82,83,84,86,87,88,89,90,91,92,94,95,96,97,98,100,101,102,103,105,106,107,108,110,111,112,113,115,116,117,119,120,123,126,129,132,135,138,141,144,147,151,154,157,161,164,168,171,175,178,182,186,190,194,197,201,206,210,214,218,222,227,231,236,240,245,250,255}; 
 0000           ; #endif
 0000           ;       
 0000           ; #ifdef LCD_AFR_Text
 0000           ;       #define ip_to_Lambda_Lookup_Start 135
 0000           ;       #define ip_to_Lambda_Lookup_Size 158
 0000           ;       const BYTE ip_to_Lambda_Lookup[ip_to_Lambda_Lookup_Size]={100,100,100,101,101,101,102,102,102,103,103,103,104,104,104,105,105,105,105,106,106,106,107,107,107,108,108,108,109,109,109,110,110,110,111,111,111,112,112,112,113,113,113,114,114,115,115,115,116,116,116,117,117,117,118,118,118,119,119,120,120,120,121,121,122,122,122,123,123,123,124,124,125,125,125,126,126,127,127,127,128,128,129,129,130,130,130,131,131,132,132,133,133,133,134,134,135,135,136,136,137,137,138,138,139,139,139,140,140,141,141,142,142,143,143,144,144,145,145,146,146,147,148,149,150,152,153,154,155,156,158,159,160,162,163,164,166,167,168,170,171,173,174,176,177,179,181,182,184,185,187,189,191,192,194,196,198,200};//4.9
 0000           ; #endif
 0000           ; 
 0000           ; #ifdef LCD_Lambda_Text
 0000           ;       #define ip_to_Lambda_Lookup_Start 135
 0000           ;       #define ip_to_Lambda_Lookup_Size 158
 0000           ;       const BYTE ip_to_Lambda_Lookup[ip_to_Lambda_Lookup_Size]={68,68,68,69,69,69,69,69,70,70,70,70,70,71,71,71,71,72,72,72,72,72,73,73,73,73,74,74,74,74,74,75,75,75,75,76,76,76,76,76,77,77,77,77,78,78,78,78,79,79,79,79,80,80,80,80,81,81,81,81,82,82,82,82,83,83,83,83,84,84,84,85,85,85,85,86,86,86,86,87,87,87,88,88,88,88,89,89,89,90,90,90,91,91,91,91,92,92,92,93,93,93,94,94,94,95,95,95,96,96,96,97,97,97,98,98,98,99,99,99,100,100,101,102,102,103,104,105,106,106,107,108,109,110,111,112,113,114,115,116,117,118,119,120,121,122,123,124,125,126,127,128,130,131,132,133,135,136};//4.9
 0000           ; #endif
 0000           ; 
 0000           ; #ifdef LCD_Lambda_Graph
 0000           ;       #define ip_to_Lambda_Lookup_Start 135
 0000           ;       #define ip_to_Lambda_Lookup_Size 158
 0000           ;       const BYTE ip_to_Graph_Lookup[ip_to_Lambda_Lookup_Size]={8,8,8,9,9,9,9,9,10,10,10,10,10,11,11,11,11,12,12,12,12,12,13,13,13,13,14,14,14,14,14,15,15,15,15,16,16,16,16,16,17,17,17,17,18,18,18,18,19,19,19,19,20,20,20,20,21,21,21,21,22,22,22,22,23,23,23,23,24,24,24,25,25,25,25,26,26,26,26,27,27,27,28,28,28,28,29,29,29,30,30,30,31,31,31,31,32,32,32,33,33,33,34,34,34,35,35,35,36,36,36,37,37,37,38,38,38,39,39,39,40,40,41,42,42,43,44,45,46,46,47,48,49,50,51,52,53,54,55,56,57,58,59,60,61,62,63,64,65,66,67,68,70,71,72,73,75,76};
 0000           ; #endif
 0000           ; 
 0000           ; #ifdef LCD_Temperature_Text
 0000           ;       #define Ri_Delta_to_Temperature_C_Offset 740
 0000           ;       #define Ri_Delta_to_Temperature_C_Start 113
 0000           ;       #define Ri_Delta_to_Temperature_C_Size 75
 0000           ;       const BYTE Ri_Delta_to_Temperature_C[Ri_Delta_to_Temperature_C_Size]={80,78,77,75,74,73,71,70,68,67,65,64,63,61,60,59,58,56,55,54,52,51,50,49,48,46,45,44,43,42,41,40,39,37,36,35,34,33,32,31,30,29,28,27,26,25,24,23,22,21,20,19,18,18,17,16,15,14,13,12,11,11,10,9,8,7,6,5,5,4,3,2,1,1,0};
 0000           ; #endif
 0000           ; 
 0000           ; #ifdef LCD_Temperature_Graph
 0000           ;       #define Ri_Delta_to_Temperature_C_Start 113
 0000           ;       #define Ri_Delta_to_Temperature_C_Size 75
 0000           ;       const BYTE Ri_Delta_to_Graph[Ri_Delta_to_Temperature_C_Size]={80,78,77,75,74,73,71,70,68,67,65,64,63,61,60,59,58,56,55,54,52,51,50,49,48,46,45,44,43,42,41,40,39,37,36,35,34,33,32,31,30,29,28,27,26,25,24,23,22,21,20,19,18,18,17,16,15,14,13,12,11,11,10,9,8,7,6,5,5,4,3,2,1,1,0};
 0000           ; #endif
 0000           ; 
 0000           ; 
 0000           ; 
 0000           ; INT Ri_Mid_Error_Sum=0;
 0000           ; INT Ri_Mid;
 0000           ; INT Ri_Delta_Error_Sum=0;
 0000           ; INT Ri_Delta;
 0000           ; #define Ia_PID_Counter_Set 1
 0000           ; #define Heatup_Counter_Set 100
 0000           ; #define Heater_PID_Counter_Set 25
 0000           ; BYTE Heatup_Heater_Output=100;
 0000           ; 
 0000           ; INT Ri_Delta_Error;
 0000           ; INT Heater_Output;
 0000           ; INT Heater_Pout;
 0000           ; INT Heater_Iout;
 0000           ; 
 0000           ; //PID Controller, Input is Ri_Delta (The Peak to peak voltage on the Vs Port of the sensor) output is PWM8_Heater, PWM8_Heater is controlled such that Ri_Delta is maintained at 80 (80 =750C)
 0000           ; //Only a PI controller is used as adding the D term does not effect performance 
 0000           ; //Everything is inflated by a factor of 4 so that floating point is avioded
 0000           ; void Heater_PID(void) // Ned to run this when counter >50
 0000           ; {
 0000                   .dbline 107
 0000           ; 
 0000           ;       Ri_Delta_Error=Ri_Delta_Target-Ri_Delta;
 0000 508F              mov A,-113
 0002 121C              sub A,[_Ri_Delta+1]
 0004 531A              mov [_Ri_Delta_Error+1],A
 0006 5000              mov A,0
 0008 1A1B              sbb A,[_Ri_Delta]
 000A 5319              mov [_Ri_Delta_Error],A
 000C                   .dbline 109
 000C           ;       //Put limits on Error so PID does not go Fubar, and also so that the worst case multiplication does not overflow
 000C           ;       if (Ri_Delta_Error>(-127*16/Heater_PID_Kp))
 000C 501C              mov A,28
 000E 121A              sub A,[_Ri_Delta_Error+1]
 0010 5119              mov A,[_Ri_Delta_Error]
 0012 3180              xor A,-128
 0014 5300              mov [__rX],A
 0016 5080              mov A,(0 ^ 0x80)
 0018 1A00              sbb A,[__rX]
 001A D007              jnc L2
 001C           X0:
 001C                   .dbline 111
 001C           ;       {
 001C           ;               Ri_Delta_Error=(-127*16/Heater_PID_Kp);
 001C                   .dbline 111
 001C 551A1C            mov [_Ri_Delta_Error+1],28
 001F 551900            mov [_Ri_Delta_Error],0
 0022                   .dbline 112
 0022           ;       }
 0022           L2:
 0022                   .dbline 113
 0022           ;       if (Ri_Delta_Error<(127*16/Heater_PID_Kp))
 0022 511A              mov A,[_Ri_Delta_Error+1]
 0024 11E4              sub A,-28
 0026 5119              mov A,[_Ri_Delta_Error]
 0028 3180              xor A,-128
 002A 197F              sbb A,(-1 ^ 0x80)
 002C D007              jnc L4
 002E           X1:
 002E                   .dbline 115
 002E           ;       {
 002E           ;               Ri_Delta_Error=(127*16/Heater_PID_Kp);
 002E                   .dbline 115
 002E 551AE4            mov [_Ri_Delta_Error+1],-28
 0031 5519FF            mov [_Ri_Delta_Error],-1
 0034                   .dbline 116
 0034           ;       }
 0034           L4:
 0034                   .dbline 117
 0034           ;       Heater_Pout=(Heater_PID_Kp*Ri_Delta_Error)/16;
 0034 5F001A            mov [__r1],[_Ri_Delta_Error+1]
 0037 5F0019            mov [__r0],[_Ri_Delta_Error]
 003A 5500B8            mov [__r3],-72
 003D 5500FF            mov [__r2],-1
 0040 550000            mov [__rX],0
 0043 550000            mov [__rY],0
 0046           X2:
 0046 3C0000            cmp [__r2],0
 0049 B006              jnz X5
 004B 3C0000            cmp [__r3],0
 004E A017              jz X4
 0050           X5:
 0050 70FB              and F,-5
 0052 6E00              rrc [__r2]
 0054 6E00              rrc [__r3]
 0056 D009              jnc X3
 0058 5100              mov A,[__r1]
 005A 0400              add [__rX],A
 005C 5100              mov A,[__r0]
 005E 0C00              adc [__rY],A
 0060           X3:
 0060 6500              asl [__r1]
 0062 6B00              rlc [__r0]
 0064 8FE1              jmp X2
 0066           X4:
 0066 5F0000            mov [__r1],[__rX]
 0069 5F0000            mov [__r0],[__rY]
 006C 5000              mov A,0
 006E 08                push A
 006F 5010              mov A,16
 0071 08                push A
 0072 5100              mov A,[__r0]
 0074 08                push A
 0075 5100              mov A,[__r1]
 0077 08                push A
 0078 7C0000            xcall __divmod_16X16_16
 007B 18                pop A
 007C 5316              mov [_Heater_Pout+1],A
 007E 18                pop A
 007F 5315              mov [_Heater_Pout],A
 0081 38FE              add SP,-2
 0083                   .dbline 118
 0083           ;       Ri_Delta_Error_Sum=Ri_Delta_Error_Sum+Ri_Delta_Error;
 0083 511A              mov A,[_Ri_Delta_Error+1]
 0085 0403              add [_Ri_Delta_Error_Sum+1],A
 0087 5119              mov A,[_Ri_Delta_Error]
 0089 0C02              adc [_Ri_Delta_Error_Sum],A
 008B                   .dbline 127
 008B           ;       //If the sensor is too hot, then disreguard the Integratal contribution and just use the proportional to quickly correct the sensor temperature
 008B           ;       /*
 008B           ;       if((Ri_Delta<60)&&(Ri_Delta_Error_Sum>0))
 008B           ;       {
 008B           ;               Ri_Delta_Error_Sum=0;
 008B           ;       }
 008B           ;       */
 008B           ;       //Put limits on Error so PID does not go Fubar, and also so that the worst case multiplication does not overflow
 008B           ;       if (Ri_Delta_Error_Sum>(-127*16/Heater_PID_Ki))
 008B 50FC              mov A,-4
 008D 1203              sub A,[_Ri_Delta_Error_Sum+1]
 008F 5102              mov A,[_Ri_Delta_Error_Sum]
 0091 3180              xor A,-128
 0093 5300              mov [__rX],A
 0095 5081              mov A,(1 ^ 0x80)
 0097 1A00              sbb A,[__rX]
 0099 D007              jnc L6
 009B           X6:
 009B                   .dbline 129
 009B           ;       {
 009B           ;               Ri_Delta_Error_Sum=(-127*16/Heater_PID_Ki);
 009B                   .dbline 129
 009B 5503FC            mov [_Ri_Delta_Error_Sum+1],-4
 009E 550201            mov [_Ri_Delta_Error_Sum],1
 00A1                   .dbline 130
 00A1           ;       }
 00A1           L6:
 00A1                   .dbline 131
 00A1           ;       if (Ri_Delta_Error_Sum<(127*16/Heater_PID_Ki))
 00A1 5103              mov A,[_Ri_Delta_Error_Sum+1]
 00A3 1104              sub A,4
 00A5 5102              mov A,[_Ri_Delta_Error_Sum]
 00A7 3180              xor A,-128
 00A9 197E              sbb A,(-2 ^ 0x80)
 00AB D007              jnc L8
 00AD           X7:
 00AD                   .dbline 133
 00AD           ;       {
 00AD           ;               Ri_Delta_Error_Sum=(127*16/Heater_PID_Ki);
 00AD                   .dbline 133
 00AD 550304            mov [_Ri_Delta_Error_Sum+1],4
 00B0 5502FE            mov [_Ri_Delta_Error_Sum],-2
 00B3                   .dbline 134
 00B3           ;       }
 00B3           L8:
 00B3                   .dbline 135
 00B3           ;       Heater_Iout=(Heater_PID_Ki*Ri_Delta_Error_Sum)/16;
 00B3 5F0003            mov [__r1],[_Ri_Delta_Error_Sum+1]
 00B6 5F0002            mov [__r0],[_Ri_Delta_Error_Sum]
 00B9 5500FC            mov [__r3],-4
 00BC 5500FF            mov [__r2],-1
 00BF 550000            mov [__rX],0
 00C2 550000            mov [__rY],0
 00C5           X8:
 00C5 3C0000            cmp [__r2],0
 00C8 B006              jnz X11
 00CA 3C0000            cmp [__r3],0
 00CD A017              jz X10
 00CF           X11:
 00CF 70FB              and F,-5
 00D1 6E00              rrc [__r2]
 00D3 6E00              rrc [__r3]
 00D5 D009              jnc X9
 00D7 5100              mov A,[__r1]
 00D9 0400              add [__rX],A
 00DB 5100              mov A,[__r0]
 00DD 0C00              adc [__rY],A
 00DF           X9:
 00DF 6500              asl [__r1]
 00E1 6B00              rlc [__r0]
 00E3 8FE1              jmp X8
 00E5           X10:
 00E5 5F0000            mov [__r1],[__rX]
 00E8 5F0000            mov [__r0],[__rY]
 00EB 5000              mov A,0
 00ED 08                push A
 00EE 5010              mov A,16
 00F0 08                push A
 00F1 5100              mov A,[__r0]
 00F3 08                push A
 00F4 5100              mov A,[__r1]
 00F6 08                push A
 00F7 7C0000            xcall __divmod_16X16_16
 00FA 18                pop A
 00FB 5314              mov [_Heater_Iout+1],A
 00FD 18                pop A
 00FE 5313              mov [_Heater_Iout],A
 0100 38FE              add SP,-2
 0102                   .dbline 136
 0102           ;       if (Heatup_Heater_Output<255) // if Heatup_Heater_Output is < 255 that means the unit just turned on and to give control to the heatup routine
 0102 3C04FF            cmp [_Heatup_Heater_Output],-1
 0105 D009              jnc L10
 0107           X12:
 0107                   .dbline 138
 0107           ;       {
 0107           ;               Heater_Output=Heatup_Heater_Output;     
 0107                   .dbline 138
 0107 5F1804            mov [_Heater_Output+1],[_Heatup_Heater_Output]
 010A 551700            mov [_Heater_Output],0
 010D                   .dbline 139
 010D           ;       }
 010D 8019              xjmp L11
 010F           L10:
 010F                   .dbline 141
 010F           ;       else
 010F           ;       {       
 010F                   .dbline 142
 010F           ;               Heater_Output=Heater_PID_Output_Bias+Heater_Pout+Heater_Iout;                   
 010F 5116              mov A,[_Heater_Pout+1]
 0111 0180              add A,-128
 0113 5300              mov [__r1],A
 0115 5115              mov A,[_Heater_Pout]
 0117 0900              adc A,0
 0119 5300              mov [__r0],A
 011B 5100              mov A,[__r1]
 011D 0214              add A,[_Heater_Iout+1]
 011F 5318              mov [_Heater_Output+1],A
 0121 5100              mov A,[__r0]
 0123 0A13              adc A,[_Heater_Iout]
 0125 5317              mov [_Heater_Output],A
 0127                   .dbline 143
 0127           ;       }
 0127           L11:
 0127                   .dbline 145
 0127           ;       //Heater_Output=Heater_PID_Output_Bias+Heater_Pout+Heater_Iout; 
 0127           ;       if (Heater_Output<0)
 0127 5118              mov A,[_Heater_Output+1]
 0129 1100              sub A,0
 012B 5117              mov A,[_Heater_Output]
 012D 3180              xor A,-128
 012F 1980              sbb A,(0 ^ 0x80)
 0131 D007              jnc L12
 0133           X13:
 0133                   .dbline 147
 0133           ;       {
 0133           ;               Heater_Output=0;
 0133                   .dbline 147
 0133 551800            mov [_Heater_Output+1],0
 0136 551700            mov [_Heater_Output],0
 0139                   .dbline 148
 0139           ;       }
 0139           L12:
 0139                   .dbline 149
 0139           ;       if (Heater_Output>255)
 0139 50FF              mov A,-1
 013B 1218              sub A,[_Heater_Output+1]
 013D 5117              mov A,[_Heater_Output]
 013F 3180              xor A,-128
 0141 5300              mov [__rX],A
 0143 5080              mov A,(0 ^ 0x80)
 0145 1A00              sbb A,[__rX]
 0147 D007              jnc L14
 0149           X14:
 0149                   .dbline 151
 0149           ;       {
 0149           ;               Heater_Output=255;
 0149                   .dbline 151
 0149 5518FF            mov [_Heater_Output+1],-1
 014C 551700            mov [_Heater_Output],0
 014F                   .dbline 152
 014F           ;       }
 014F           L14:
 014F                   .dbline 155
 014F           ; 
 014F           ; 
 014F           ;       PWM8_Heater_WritePulseWidth(Heater_Output);
 014F 5F0018            mov [__r0],[_Heater_Output+1]
 0152 10                push X
 0153 5100              mov A,[__r0]
 0155 7C0000            xcall _PWM8_Heater_WritePulseWidth
 0158 20                pop X
 0159                   .dbline -2
 0159           L1:
 0159                   .dbline 0 ; func end
 0159 7F                ret
 015A                   .dbend
 015A                   .dbfunc e Ia_PID _Ia_PID fV
 015A           _Ia_PID::
 015A                   .dbline -1
 015A                   .dbline 167
 015A           ;       //PWM8_Heater_WritePulseWidth(200);
 015A           ; }
 015A           ; 
 015A           ; INT Ri_Mid_Error;
 015A           ; INT Ia_Output;
 015A           ; INT Ia_Pout;
 015A           ; INT Ia_Iout;
 015A           ; //PID Controller, Input is Ri_Mid (The average voltage on the Vs Port of the sensor) output is DAC9_Ia, DAC9_Ia sink/sources current to the Sensor pump cell such that Ri_Mid is is the same voltage as Vref
 015A           ; //Only a PI controller is used as adding the D term does not effect performance 
 015A           ; //Everything is inflated by a factor of 4 so that floating point is avioded
 015A           ; void Ia_PID(void)
 015A           ; {
 015A                   .dbline 170
 015A           ; 
 015A           ; 
 015A           ;       Ri_Mid_Error=Ri_Mid_Target-Ri_Mid;
 015A 501E              mov A,30
 015C 121E              sub A,[_Ri_Mid+1]
 015E 5312              mov [_Ri_Mid_Error+1],A
 0160 5001              mov A,1
 0162 1A1D              sbb A,[_Ri_Mid]
 0164 5311              mov [_Ri_Mid_Error],A
 0166                   .dbline 172
 0166           ;       //Put limits on Error so PID does not go Fubar, and also so that the worst case multiplication does not overflow
 0166           ;       if (Ri_Mid_Error>(255*16/Ia_PID_Kp))
 0166 50A3              mov A,-93
 0168 1212              sub A,[_Ri_Mid_Error+1]
 016A 5111              mov A,[_Ri_Mid_Error]
 016C 3180              xor A,-128
 016E 5300              mov [__rX],A
 0170 5080              mov A,(0 ^ 0x80)
 0172 1A00              sbb A,[__rX]
 0174 D007              jnc L17
 0176           X15:
 0176                   .dbline 174
 0176           ;       {
 0176           ;               Ri_Mid_Error=(255*16/Ia_PID_Kp);
 0176                   .dbline 174
 0176 5512A3            mov [_Ri_Mid_Error+1],-93
 0179 551100            mov [_Ri_Mid_Error],0
 017C                   .dbline 175
 017C           ;       }
 017C           L17:
 017C                   .dbline 176
 017C           ;       if (Ri_Mid_Error<(-255*16/Ia_PID_Kp))
 017C 5112              mov A,[_Ri_Mid_Error+1]
 017E 115D              sub A,93
 0180 5111              mov A,[_Ri_Mid_Error]
 0182 3180              xor A,-128
 0184 197F              sbb A,(-1 ^ 0x80)
 0186 D007              jnc L19
 0188           X16:
 0188                   .dbline 178
 0188           ;       {
 0188           ;               Ri_Mid_Error=(-255*16/Ia_PID_Kp);
 0188                   .dbline 178
 0188 55125D            mov [_Ri_Mid_Error+1],93
 018B 5511FF            mov [_Ri_Mid_Error],-1
 018E                   .dbline 179
 018E           ;       }
 018E           L19:
 018E                   .dbline 180
 018E           ;       Ia_Pout=(Ia_PID_Kp*Ri_Mid_Error)/16;
 018E 5F0012            mov [__r1],[_Ri_Mid_Error+1]
 0191 5F0011            mov [__r0],[_Ri_Mid_Error]
 0194 550019            mov [__r3],25
 0197 550000            mov [__r2],0
 019A 550000            mov [__rX],0
 019D 550000            mov [__rY],0
 01A0           X17:
 01A0 3C0000            cmp [__r2],0
 01A3 B006              jnz X20
 01A5 3C0000            cmp [__r3],0
 01A8 A017              jz X19
 01AA           X20:
 01AA 70FB              and F,-5
 01AC 6E00              rrc [__r2]
 01AE 6E00              rrc [__r3]
 01B0 D009              jnc X18
 01B2 5100              mov A,[__r1]
 01B4 0400              add [__rX],A
 01B6 5100              mov A,[__r0]
 01B8 0C00              adc [__rY],A
 01BA           X18:
 01BA 6500              asl [__r1]
 01BC 6B00              rlc [__r0]
 01BE 8FE1              jmp X17
 01C0           X19:
 01C0 5F0000            mov [__r1],[__rX]
 01C3 5F0000            mov [__r0],[__rY]
 01C6 5000              mov A,0
 01C8 08                push A
 01C9 5010              mov A,16
 01CB 08                push A
 01CC 5100              mov A,[__r0]
 01CE 08                push A
 01CF 5100              mov A,[__r1]
 01D1 08                push A
 01D2 7C0000            xcall __divmod_16X16_16
 01D5 18                pop A
 01D6 530E              mov [_Ia_Pout+1],A
 01D8 18                pop A
 01D9 530D              mov [_Ia_Pout],A
 01DB 38FE              add SP,-2
 01DD                   .dbline 181
 01DD           ;       Ri_Mid_Error_Sum=Ri_Mid_Error_Sum+Ri_Mid_Error;
 01DD 5112              mov A,[_Ri_Mid_Error+1]
 01DF 0401              add [_Ri_Mid_Error_Sum+1],A
 01E1 5111              mov A,[_Ri_Mid_Error]
 01E3 0C00              adc [_Ri_Mid_Error_Sum],A
 01E5                   .dbline 183
 01E5           ;       //Put limits on Error so PID does not go Fubar, and also so that the worst case multiplication does not overflow
 01E5           ;       if (Ri_Mid_Error_Sum>(255*16/Ia_PID_Ki))
 01E5 50FC              mov A,-4
 01E7 1201              sub A,[_Ri_Mid_Error_Sum+1]
 01E9 5100              mov A,[_Ri_Mid_Error_Sum]
 01EB 3180              xor A,-128
 01ED 5300              mov [__rX],A
 01EF 5083              mov A,(3 ^ 0x80)
 01F1 1A00              sbb A,[__rX]
 01F3 D007              jnc L21
 01F5           X21:
 01F5                   .dbline 185
 01F5           ;       {
 01F5           ;               Ri_Mid_Error_Sum=(255*16/Ia_PID_Ki);
 01F5                   .dbline 185
 01F5 5501FC            mov [_Ri_Mid_Error_Sum+1],-4
 01F8 550003            mov [_Ri_Mid_Error_Sum],3
 01FB                   .dbline 186
 01FB           ;       }
 01FB           L21:
 01FB                   .dbline 187
 01FB           ;       if (Ri_Mid_Error_Sum<(-255*16/Ia_PID_Ki))
 01FB 5101              mov A,[_Ri_Mid_Error_Sum+1]
 01FD 1104              sub A,4
 01FF 5100              mov A,[_Ri_Mid_Error_Sum]
 0201 3180              xor A,-128
 0203 197C              sbb A,(-4 ^ 0x80)
 0205 D007              jnc L23
 0207           X22:
 0207                   .dbline 189
 0207           ;       {
 0207           ;               Ri_Mid_Error_Sum=(-255*16/Ia_PID_Ki);
 0207                   .dbline 189
 0207 550104            mov [_Ri_Mid_Error_Sum+1],4
 020A 5500FC            mov [_Ri_Mid_Error_Sum],-4
 020D                   .dbline 190
 020D           ;       }
 020D           L23:
 020D                   .dbline 191
 020D           ;       Ia_Iout=(Ia_PID_Ki*Ri_Mid_Error_Sum)/16;
 020D 5F0001            mov [__r1],[_Ri_Mid_Error_Sum+1]
 0210 5F0000            mov [__r0],[_Ri_Mid_Error_Sum]
 0213 6500              asl [__r1]
 0215 6B00              rlc [__r0]
 0217 6500              asl [__r1]
 0219 6B00              rlc [__r0]
 021B 5000              mov A,0
 021D 08                push A
 021E 5010              mov A,16
 0220 08                push A
 0221 5100              mov A,[__r0]
 0223 08                push A
 0224 5100              mov A,[__r1]
 0226 08                push A
 0227 7C0000            xcall __divmod_16X16_16
 022A 18                pop A
 022B 530C              mov [_Ia_Iout+1],A
 022D 18                pop A
 022E 530B              mov [_Ia_Iout],A
 0230 38FE              add SP,-2
 0232                   .dbline 192
 0232           ;       Ia_Output=Ia_Output_Bias+Ia_Pout+Ia_Iout;
 0232 510E              mov A,[_Ia_Pout+1]
 0234 0100              add A,0
 0236 5300              mov [__r1],A
 0238 510D              mov A,[_Ia_Pout]
 023A 0901              adc A,1
 023C 5300              mov [__r0],A
 023E 5100              mov A,[__r1]
 0240 020C              add A,[_Ia_Iout+1]
 0242 5310              mov [_Ia_Output+1],A
 0244 5100              mov A,[__r0]
 0246 0A0B              adc A,[_Ia_Iout]
 0248 530F              mov [_Ia_Output],A
 024A                   .dbline 194
 024A           ;       //9 Bit Dac so only 0-511 is allowed, for some reason i put the limit at 510, I foget exactly why.
 024A           ;       if (Ia_Output<0)
 024A 5110              mov A,[_Ia_Output+1]
 024C 1100              sub A,0
 024E 510F              mov A,[_Ia_Output]
 0250 3180              xor A,-128
 0252 1980              sbb A,(0 ^ 0x80)
 0254 D007              jnc L25
 0256           X23:
 0256                   .dbline 196
 0256           ;       {
 0256           ;               Ia_Output=0;
 0256                   .dbline 196
 0256 551000            mov [_Ia_Output+1],0
 0259 550F00            mov [_Ia_Output],0
 025C                   .dbline 197
 025C           ;       }
 025C           L25:
 025C                   .dbline 198
 025C           ;       if (Ia_Output>510)
 025C 50FE              mov A,-2
 025E 1210              sub A,[_Ia_Output+1]
 0260 510F              mov A,[_Ia_Output]
 0262 3180              xor A,-128
 0264 5300              mov [__rX],A
 0266 5081              mov A,(1 ^ 0x80)
 0268 1A00              sbb A,[__rX]
 026A D007              jnc L27
 026C           X24:
 026C                   .dbline 200
 026C           ;       {
 026C           ;               Ia_Output=510;
 026C                   .dbline 200
 026C 5510FE            mov [_Ia_Output+1],-2
 026F 550F01            mov [_Ia_Output],1
 0272                   .dbline 201
 0272           ;       }
 0272           L27:
 0272                   .dbline 202
 0272           ;       DAC9_Ia_WriteStall (Ia_Output);
 0272 10                push X
 0273 580F              mov X,[_Ia_Output]
 0275 5110              mov A,[_Ia_Output+1]
 0277 7C0000            xcall _DAC9_Ia_WriteStall
 027A 20                pop X
 027B                   .dbline -2
 027B           L16:
 027B                   .dbline 0 ; func end
 027B 7F                ret
 027C                   .dbend
 027C                   .dbfunc e IIR_Int _IIR_Int fI
 027C           ;              A -> X-8
 027C           ;           Vout -> X-7
 027C           ;            Vin -> X-5
 027C           _IIR_Int::
 027C                   .dbline -1
 027C 10                push X
 027D 4F                mov X,SP
 027E                   .dbline 206
 027E           ;       //DAC9_Ia_WriteStall (256);
 027E           ; }
 027E           ; INT IIR_Int(INT Vin, INT Vout, BYTE A)
 027E           ; {
 027E                   .dbline 207
 027E           ;       return (Vout + (Vin - Vout)/A);
 027E 52FC              mov A,[X-4]
 0280 13FA              sub A,[X-6]
 0282 5300              mov [__r1],A
 0284 52FB              mov A,[X-5]
 0286 1BF9              sbb A,[X-7]
 0288 5300              mov [__r0],A
 028A 52F8              mov A,[X-8]
 028C 5300              mov [__r3],A
 028E 5000              mov A,0
 0290 08                push A
 0291 5100              mov A,[__r3]
 0293 08                push A
 0294 5100              mov A,[__r0]
 0296 08                push A
 0297 5100              mov A,[__r1]
 0299 08                push A
 029A 7C0000            xcall __divmod_16X16_16
 029D 18                pop A
 029E 5300              mov [__r1],A
 02A0 18                pop A
 02A1 5300              mov [__r0],A
 02A3 38FE              add SP,-2
 02A5 52FA              mov A,[X-6]
 02A7 0200              add A,[__r1]
 02A9 5300              mov [__r1],A
 02AB 52F9              mov A,[X-7]
 02AD 0A00              adc A,[__r0]
 02AF 5300              mov [__r0],A
 02B1                   .dbline -2
 02B1           L29:
 02B1 20                pop X
 02B2                   .dbline 0 ; func end
 02B2 7F                ret
 02B3                   .dbsym l A -8 c
 02B3                   .dbsym l Vout -7 I
 02B3                   .dbsym l Vin -5 I
 02B3                   .dbend
 02B3                   .dbfunc e btoa _btoa fc
 02B3           ;          ascii -> X+0
 02B3           ;         Base10 -> X-4
 02B3           _btoa::
 02B3                   .dbline -1
 02B3 10                push X
 02B4 4F                mov X,SP
 02B5 3803              add SP,3
 02B7                   .dbline 211
 02B7           ; }
 02B7           ; 
 02B7           ; char btoa(BYTE Base10)
 02B7           ; {
 02B7                   .dbline 213
 02B7           ;       char ascii;
 02B7           ;       switch (Base10)
 02B7 52FC              mov A,[X-4]
 02B9 5402              mov [X+2],A
 02BB 560100            mov [X+1],0
 02BE 3D0100            cmp [X+1],0
 02C1 B006              jnz X25
 02C3 3D0200            cmp [X+2],0
 02C6 A05D              jz L34
 02C8           X25:
 02C8 3D0100            cmp [X+1],0
 02CB B006              jnz X26
 02CD 3D0201            cmp [X+2],1
 02D0 A058              jz L35
 02D2           X26:
 02D2 3D0100            cmp [X+1],0
 02D5 B006              jnz X27
 02D7 3D0202            cmp [X+2],2
 02DA A053              jz L36
 02DC           X27:
 02DC 3D0100            cmp [X+1],0
 02DF B006              jnz X28
 02E1 3D0203            cmp [X+2],3
 02E4 A04E              jz L37
 02E6           X28:
 02E6 3D0100            cmp [X+1],0
 02E9 B006              jnz X29
 02EB 3D0204            cmp [X+2],4
 02EE A049              jz L38
 02F0           X29:
 02F0 3D0100            cmp [X+1],0
 02F3 B006              jnz X30
 02F5 3D0205            cmp [X+2],5
 02F8 A044              jz L39
 02FA           X30:
 02FA 3D0100            cmp [X+1],0
 02FD B006              jnz X31
 02FF 3D0206            cmp [X+2],6
 0302 A03F              jz L40
 0304           X31:
 0304 3D0100            cmp [X+1],0
 0307 B006              jnz X32
 0309 3D0207            cmp [X+2],7
 030C A03A              jz L41
 030E           X32:
 030E 3D0100            cmp [X+1],0
 0311 B006              jnz X33
 0313 3D0208            cmp [X+2],8
 0316 A035              jz L42
 0318           X33:
 0318 3D0100            cmp [X+1],0
 031B B006              jnz X34
 031D 3D0209            cmp [X+2],9
 0320 A030              jz L43
 0322           X34:
 0322 8031              xjmp L31
 0324           L34:
 0324                   .dbline 216
 0324           ;       {
 0324           ;               case 0:
 0324           ;                       ascii='0';
 0324 560030            mov [X+0],48
 0327                   .dbline 217
 0327           ;                       break;
 0327 802C              xjmp L32
 0329           L35:
 0329                   .dbline 219
 0329           ;               case 1:
 0329           ;                       ascii='1';
 0329 560031            mov [X+0],49
 032C                   .dbline 220
 032C           ;                       break;
 032C 8027              xjmp L32
 032E           L36:
 032E                   .dbline 222
 032E           ;               case 2:
 032E           ;                       ascii='2';
 032E 560032            mov [X+0],50
 0331                   .dbline 223
 0331           ;                       break;
 0331 8022              xjmp L32
 0333           L37:
 0333                   .dbline 225
 0333           ;               case 3:
 0333           ;                       ascii='3';
 0333 560033            mov [X+0],51
 0336                   .dbline 226
 0336           ;                       break;
 0336 801D              xjmp L32
 0338           L38:
 0338                   .dbline 228
 0338           ;               case 4:
 0338           ;                       ascii='4';
 0338 560034            mov [X+0],52
 033B                   .dbline 229
 033B           ;                       break;
 033B 8018              xjmp L32
 033D           L39:
 033D                   .dbline 231
 033D           ;               case 5:
 033D           ;                       ascii='5';
 033D 560035            mov [X+0],53
 0340                   .dbline 232
 0340           ;                       break;
 0340 8013              xjmp L32
 0342           L40:
 0342                   .dbline 234
 0342           ;               case 6:
 0342           ;                       ascii='6';
 0342 560036            mov [X+0],54
 0345                   .dbline 235
 0345           ;                       break;
 0345 800E              xjmp L32
 0347           L41:
 0347                   .dbline 237
 0347           ;               case 7:
 0347           ;                       ascii='7';
 0347 560037            mov [X+0],55
 034A                   .dbline 238
 034A           ;                       break;
 034A 8009              xjmp L32
 034C           L42:
 034C                   .dbline 240
 034C           ;               case 8:
 034C           ;                       ascii='8';
 034C 560038            mov [X+0],56
 034F                   .dbline 241
 034F           ;                       break;
 034F 8004              xjmp L32
 0351           L43:
 0351                   .dbline 243
 0351           ;               case 9:
 0351           ;                       ascii='9';
 0351 560039            mov [X+0],57
 0354                   .dbline 244
 0354           ;       }
 0354           L31:
 0354           L32:
 0354                   .dbline 245
 0354           ;       return (ascii);
 0354 5200              mov A,[X+0]
 0356                   .dbline -2
 0356           L30:
 0356 38FD              add SP,-3
 0358 20                pop X
 0359                   .dbline 0 ; func end
 0359 7F                ret
 035A                   .dbsym l ascii 0 c
 035A                   .dbsym l Base10 -4 c
 035A                   .dbend
                        .area data(ram, con, rel)
 0005                   .dbfile C:\Work\SLC_FR~3\Dev\SLC_FR~3\SLC_FR~1\SLC_FR~1\main.c
 0005           _Ia_PID_Counter::
 0005                   .blkb 1
                        .area idata(rom,lit)
 0005 00                .byte 0
                        .area data(ram, con, rel)
 0006                   .dbfile C:\Work\SLC_FR~3\Dev\SLC_FR~3\SLC_FR~1\SLC_FR~1\main.c
 0006                   .dbsym e Ia_PID_Counter _Ia_PID_Counter c
 0006           _Vout_Lookup_Counter::
 0006                   .blkb 1
                        .area idata(rom,lit)
 0006 00                .byte 0
                        .area data(ram, con, rel)
 0007                   .dbfile C:\Work\SLC_FR~3\Dev\SLC_FR~3\SLC_FR~1\SLC_FR~1\main.c
 0007                   .dbsym e Vout_Lookup_Counter _Vout_Lookup_Counter c
 0007           _Heater_PID_Counter::
 0007                   .blkb 1
                        .area idata(rom,lit)
 0007 00                .byte 0
                        .area data(ram, con, rel)
 0008                   .dbfile C:\Work\SLC_FR~3\Dev\SLC_FR~3\SLC_FR~1\SLC_FR~1\main.c
 0008                   .dbsym e Heater_PID_Counter _Heater_PID_Counter c
 0008           _LCD_Counter::
 0008                   .blkb 1
                        .area idata(rom,lit)
 0008 00                .byte 0
                        .area data(ram, con, rel)
 0009                   .dbfile C:\Work\SLC_FR~3\Dev\SLC_FR~3\SLC_FR~1\SLC_FR~1\main.c
 0009                   .dbsym e LCD_Counter _LCD_Counter c
 0009           _Heatup_Counter::
 0009                   .blkb 1
                        .area idata(rom,lit)
 0009 00                .byte 0
                        .area data(ram, con, rel)
 000A                   .dbfile C:\Work\SLC_FR~3\Dev\SLC_FR~3\SLC_FR~1\SLC_FR~1\main.c
 000A                   .dbsym e Heatup_Counter _Heatup_Counter c
 000A           _Str1::
 000A                   .blkb 12
                        .area idata(rom,lit)
 000A 4C616D6264613D782E787800  .byte 'L,'a,'m,'b,'d,'a,61,'x,46,'x,'x,0
                        .area data(ram, con, rel)
 0016                   .dbfile C:\Work\SLC_FR~3\Dev\SLC_FR~3\SLC_FR~1\SLC_FR~1\main.c
 0016                   .dbsym e Str1 _Str1 A[12:12]c
 0016           _Str2::
 0016                   .blkb 17
                        .area idata(rom,lit)
 0016 54656D70657261747572653D78787843  .byte 'T,'e,'m,'p,'e,'r,'a,'t,'u,'r,'e,61,'x,'x,'x,'C
 0026 00                .byte 0
                        .area data(ram, con, rel)
 0027                   .dbfile C:\Work\SLC_FR~3\Dev\SLC_FR~3\SLC_FR~1\SLC_FR~1\main.c
 0027                   .dbsym e Str2 _Str2 A[17:17]c
 0027           _Str3::
 0027                   .blkb 9
                        .area idata(rom,lit)
 0027 4146523D78782E7800        .byte 'A,'F,'R,61,'x,'x,46,'x,0
                        .area data(ram, con, rel)
 0030                   .dbfile C:\Work\SLC_FR~3\Dev\SLC_FR~3\SLC_FR~1\SLC_FR~1\main.c
 0030                   .dbsym e Str3 _Str3 A[9:9]c
                        .area text(rom, con, rel)
 035A                   .dbfile C:\Work\SLC_FR~3\Dev\SLC_FR~3\SLC_FR~1\SLC_FR~1\main.c
 035A                   .dbfunc e main _main fV
 035A           ;     temp_ulong -> X+5
 035A           ;      temp_byte -> X+4
 035A           ;      temp_int2 -> X+2
 035A           ;       temp_int -> X+0
 035A           _main::
 035A                   .dbline -1
 035A 10                push X
 035B 4F                mov X,SP
 035C 3809              add SP,9
 035E                   .dbline 260
 035E           ; }
 035E           ;       BYTE Ia_PID_Counter=0;
 035E           ;       BYTE Vout_Lookup_Counter=0;
 035E           ;       BYTE Heater_PID_Counter=0;
 035E           ;       BYTE LCD_Counter=0;
 035E           ;       BYTE Heatup_Counter=0;
 035E           ;       INT Ri_Min,Ri_Max;
 035E           ;       INT ip,ip_Justified;
 035E           ;       BYTE Lambda_x100;
 035E           ;       INT LSU_Temperature_C;
 035E           ;       char Str1[] = "Lambda=x.xx";
 035E           ;       char Str2[] = "Temperature=xxxC"; 
 035E           ;       char Str3[] = "AFR=xx.x";
 035E           ; void main(void)
 035E           ; {
 035E                   .dbline 264
 035E           ;       unsigned long temp_ulong;
 035E           ;       INT temp_int,temp_int2;
 035E           ;       BYTE temp_byte;
 035E           ;       AMUX4_0_InputSelect(AMUX4_0_PORT0_1);        
 035E 10                push X
 035F 5000              mov A,0
 0361 7C0000            xcall _AMUX4_0_InputSelect
 0364                   .dbline 265
 0364           ;       AMUX4_1_InputSelect(AMUX4_1_PORT0_0);
 0364 5000              mov A,0
 0366 7C0000            xcall _AMUX4_1_InputSelect
 0369                   .dbline 266
 0369           ;       INSAMP_Start(INSAMP_LOWPOWER); 
 0369 5001              mov A,1
 036B 7C0000            xcall _INSAMP_Start
 036E                   .dbline 267
 036E           ;     ADCINC_Start(ADCINC_HIGHPOWER);      
 036E 5003              mov A,3
 0370 7C0000            xcall _ADCINC_Start
 0373                   .dbline 268
 0373           ;       DAC9_Ia_Start(DAC9_Ia_HIGHPOWER);
 0373 5003              mov A,3
 0375 7C0000            xcall _DAC9_Ia_Start
 0378                   .dbline 269
 0378           ;       DAC6_VGND_Start(DAC6_VGND_MEDPOWER);
 0378 5002              mov A,2
 037A 7C0000            xcall _DAC6_VGND_Start
 037D                   .dbline 270
 037D           ;       DAC6_VGND_WriteStall (31);
 037D 501F              mov A,31
 037F 7C0000            xcall _DAC6_VGND_WriteStall
 0382                   .dbline 271
 0382           ;     PWM8_Vout_DisableInt();  
 0382 7C0000            xcall _PWM8_Vout_DisableInt
 0385                   .dbline 272
 0385           ;     PWM8_Vout_Start();     
 0385 7C0000            xcall _PWM8_Vout_Start
 0388                   .dbline 273
 0388           ;     PWM8_Heater_DisableInt();  
 0388 7C0000            xcall _PWM8_Heater_DisableInt
 038B                   .dbline 274
 038B           ;     PWM8_Heater_Start();
 038B 7C0000            xcall _PWM8_Heater_Start
 038E                   .dbline 275
 038E           ;       PWM8_NB_Out_DisableInt();  
 038E 7C0000            xcall _PWM8_NB_Out_DisableInt
 0391                   .dbline 276
 0391           ;     PWM8_NB_Out_Start(); 
 0391 7C0000            xcall _PWM8_NB_Out_Start
 0394                   .dbline 277
 0394           ;       ADCINC_GetSamples(0);
 0394 5000              mov A,0
 0396 7C0000            xcall _ADCINC_GetSamples
 0399                   .dbline 278
 0399           ;       SleepTimer_Start();  
 0399 7C0000            xcall _SleepTimer_Start
 039C                   .dbline 279
 039C           ;       SleepTimer_SetInterval(SleepTimer_512_HZ);  
 039C 5000              mov A,0
 039E 7C0000            xcall _SleepTimer_SetInterval
 03A1                   .dbline 280
 03A1           ;       SleepTimer_EnableInt();   
 03A1 7C0000            xcall _SleepTimer_EnableInt
 03A4 20                pop X
 03A5                   .dbline 281
 03A5           ;       M8C_EnableGInt ;  
 03A5 7101                      or  F, 01h
 03A7           
 03A7                   .dbline 282
 03A7           ;       LCD_Start();                  // Initialize LCD
 03A7 10                push X
 03A8 7C0000            xcall _LCD_Start
 03AB 20                pop X
 03AC                   .dbline 285
 03AC           ;       //LCD_InitBG(LCD_SOLID_BG);
 03AC           ; 
 03AC           ;       for(;;)
 03AC           L45:
 03AC                   .dbline 286
 03AC           ;     {
 03AC                   .dbline 287
 03AC           ;               temp_ulong++;
 03AC 070801            add [X+8],1
 03AF 0F0700            adc [X+7],0
 03B2 0F0600            adc [X+6],0
 03B5 0F0500            adc [X+5],0
 03B8                   .dbline 288
 03B8           ;               if ((ADC_IF&1)==1)
 03B8 5100              mov A,[_ADC_IF]
 03BA 2101              and A,1
 03BC 3901              cmp A,1
 03BE B056              jnz L49
 03C0                   .dbline 290
 03C0           ;               {
 03C0           ;                       ADC_IF=ADC_IF&254;
 03C0                   .dbline 290
 03C0 2600FE            and [_ADC_IF],-2
 03C3                   .dbline 291
 03C3           ;                       Ri_Min=IIR_Int(Ri_Min_x1*2,Ri_Min,Ri_Filter_Strength);
 03C3 5004              mov A,4
 03C5 08                push A
 03C6 5109              mov A,[_Ri_Min]
 03C8 08                push A
 03C9 510A              mov A,[_Ri_Min+1]
 03CB 08                push A
 03CC 5F0000            mov [__r1],[_Ri_Min_x1]
 03CF 550000            mov [__r0],0
 03D2 6500              asl [__r1]
 03D4 6B00              rlc [__r0]
 03D6 5100              mov A,[__r0]
 03D8 08                push A
 03D9 5100              mov A,[__r1]
 03DB 08                push A
 03DC 9E9E              xcall _IIR_Int
 03DE 38FB              add SP,-5
 03E0 5F0A00            mov [_Ri_Min+1],[__r1]
 03E3 5F0900            mov [_Ri_Min],[__r0]
 03E6                   .dbline 292
 03E6           ;                       Ri_Delta=Ri_Max-Ri_Min;
 03E6 5108              mov A,[_Ri_Max+1]
 03E8 120A              sub A,[_Ri_Min+1]
 03EA 531C              mov [_Ri_Delta+1],A
 03EC 5107              mov A,[_Ri_Max]
 03EE 1A09              sbb A,[_Ri_Min]
 03F0 531B              mov [_Ri_Delta],A
 03F2                   .dbline 293
 03F2           ;                       Ri_Mid=(Ri_Max+Ri_Min)/2;
 03F2 5108              mov A,[_Ri_Max+1]
 03F4 020A              add A,[_Ri_Min+1]
 03F6 5300              mov [__r1],A
 03F8 5107              mov A,[_Ri_Max]
 03FA 0A09              adc A,[_Ri_Min]
 03FC 5300              mov [__r0],A
 03FE 5000              mov A,0
 0400 08                push A
 0401 5002              mov A,2
 0403 08                push A
 0404 5100              mov A,[__r0]
 0406 08                push A
 0407 5100              mov A,[__r1]
 0409 08                push A
 040A 7C0000            xcall __divmod_16X16_16
 040D 18                pop A
 040E 531E              mov [_Ri_Mid+1],A
 0410 18                pop A
 0411 531D              mov [_Ri_Mid],A
 0413 38FE              add SP,-2
 0415                   .dbline 294
 0415           ;               }
 0415           L49:
 0415                   .dbline 295
 0415           ;               if ((ADC_IF&2)==2)
 0415 5100              mov A,[_ADC_IF]
 0417 2102              and A,2
 0419 3902              cmp A,2
 041B B056              jnz L51
 041D                   .dbline 297
 041D           ;               {
 041D           ;                       ADC_IF=ADC_IF&253;
 041D                   .dbline 297
 041D 2600FD            and [_ADC_IF],-3
 0420                   .dbline 298
 0420           ;                       Ri_Max=IIR_Int(Ri_Max_x1*2,Ri_Max,Ri_Filter_Strength);
 0420 5004              mov A,4
 0422 08                push A
 0423 5107              mov A,[_Ri_Max]
 0425 08                push A
 0426 5108              mov A,[_Ri_Max+1]
 0428 08                push A
 0429 5F0000            mov [__r1],[_Ri_Max_x1]
 042C 550000            mov [__r0],0
 042F 6500              asl [__r1]
 0431 6B00              rlc [__r0]
 0433 5100              mov A,[__r0]
 0435 08                push A
 0436 5100              mov A,[__r1]
 0438 08                push A
 0439 9E41              xcall _IIR_Int
 043B 38FB              add SP,-5
 043D 5F0800            mov [_Ri_Max+1],[__r1]
 0440 5F0700            mov [_Ri_Max],[__r0]
 0443                   .dbline 299
 0443           ;                       Ri_Delta=Ri_Max-Ri_Min;
 0443 5108              mov A,[_Ri_Max+1]
 0445 120A              sub A,[_Ri_Min+1]
 0447 531C              mov [_Ri_Delta+1],A
 0449 5107              mov A,[_Ri_Max]
 044B 1A09              sbb A,[_Ri_Min]
 044D 531B              mov [_Ri_Delta],A
 044F                   .dbline 300
 044F           ;                       Ri_Mid=(Ri_Max+Ri_Min)/2;
 044F 5108              mov A,[_Ri_Max+1]
 0451 020A              add A,[_Ri_Min+1]
 0453 5300              mov [__r1],A
 0455 5107              mov A,[_Ri_Max]
 0457 0A09              adc A,[_Ri_Min]
 0459 5300              mov [__r0],A
 045B 5000              mov A,0
 045D 08                push A
 045E 5002              mov A,2
 0460 08                push A
 0461 5100              mov A,[__r0]
 0463 08                push A
 0464 5100              mov A,[__r1]
 0466 08                push A
 0467 7C0000            xcall __divmod_16X16_16
 046A 18                pop A
 046B 531E              mov [_Ri_Mid+1],A
 046D 18                pop A
 046E 531D              mov [_Ri_Mid],A
 0470 38FE              add SP,-2
 0472                   .dbline 301
 0472           ;               }
 0472           L51:
 0472                   .dbline 302
 0472           ;               if ((ADC_IF&4)==4)
 0472 5100              mov A,[_ADC_IF]
 0474 2104              and A,4
 0476 3904              cmp A,4
 0478 B027              jnz L53
 047A                   .dbline 304
 047A           ;               {
 047A           ;                       ADC_IF=ADC_IF&251;
 047A                   .dbline 304
 047A 2600FB            and [_ADC_IF],-5
 047D                   .dbline 305
 047D           ;                       ip=IIR_Int(ip_x1*2,ip,ip_Filter_Strength);
 047D 5004              mov A,4
 047F 08                push A
 0480 5105              mov A,[_ip]
 0482 08                push A
 0483 5106              mov A,[_ip+1]
 0485 08                push A
 0486 5F0000            mov [__r1],[_ip_x1]
 0489 550000            mov [__r0],0
 048C 6500              asl [__r1]
 048E 6B00              rlc [__r0]
 0490 5100              mov A,[__r0]
 0492 08                push A
 0493 5100              mov A,[__r1]
 0495 08                push A
 0496 9DE4              xcall _IIR_Int
 0498 38FB              add SP,-5
 049A 5F0600            mov [_ip+1],[__r1]
 049D 5F0500            mov [_ip],[__r0]
 04A0                   .dbline 306
 04A0           ;               }
 04A0           L53:
 04A0                   .dbline 307
 04A0           ;               Ia_PID_Counter+=Sleep_Counter;
 04A0 5100              mov A,[_Sleep_Counter]
 04A2 0405              add [_Ia_PID_Counter],A
 04A4                   .dbline 308
 04A4           ;               Heater_PID_Counter+=Sleep_Counter;
 04A4 5100              mov A,[_Sleep_Counter]
 04A6 0407              add [_Heater_PID_Counter],A
 04A8                   .dbline 309
 04A8           ;               Heatup_Counter+=Sleep_Counter;
 04A8 5100              mov A,[_Sleep_Counter]
 04AA 0409              add [_Heatup_Counter],A
 04AC                   .dbline 310
 04AC           ;               Vout_Lookup_Counter+=Sleep_Counter;
 04AC 5100              mov A,[_Sleep_Counter]
 04AE 0406              add [_Vout_Lookup_Counter],A
 04B0                   .dbline 311
 04B0           ;               LCD_Counter+=Sleep_Counter;
 04B0 5100              mov A,[_Sleep_Counter]
 04B2 0408              add [_LCD_Counter],A
 04B4                   .dbline 312
 04B4           ;               Sleep_Counter=0;
 04B4 550000            mov [_Sleep_Counter],0
 04B7                   .dbline 313
 04B7           ;               if (Ia_PID_Counter>Ia_PID_Counter_Set)
 04B7 5001              mov A,1
 04B9 3A05              cmp A,[_Ia_PID_Counter]
 04BB D006              jnc L55
 04BD           X36:
 04BD                   .dbline 315
 04BD           ;               {
 04BD           ;                       Ia_PID_Counter=0;
 04BD                   .dbline 315
 04BD 550500            mov [_Ia_PID_Counter],0
 04C0                   .dbline 316
 04C0           ;                       Ia_PID();
 04C0 9C98              xcall _Ia_PID
 04C2                   .dbline 317
 04C2           ;               }
 04C2           L55:
 04C2                   .dbline 318
 04C2           ;               if (Heater_PID_Counter>Heater_PID_Counter_Set)
 04C2 5019              mov A,25
 04C4 3A07              cmp A,[_Heater_PID_Counter]
 04C6 D006              jnc L57
 04C8           X37:
 04C8                   .dbline 320
 04C8           ;               {
 04C8           ;                       Heater_PID_Counter=0;
 04C8                   .dbline 320
 04C8 550700            mov [_Heater_PID_Counter],0
 04CB                   .dbline 321
 04CB           ;                       Heater_PID();
 04CB 9B33              xcall _Heater_PID
 04CD                   .dbline 322
 04CD           ;               }
 04CD           L57:
 04CD                   .dbline 323
 04CD           ;               if (Vout_Lookup_Counter>Vout_Lookup_Counter_Set)
 04CD 5019              mov A,25
 04CF 3A06              cmp A,[_Vout_Lookup_Counter]
 04D1 D076              jnc L59
 04D3           X38:
 04D3                   .dbline 325
 04D3           ;               {
 04D3           ;                       Vout_Lookup_Counter=0;
 04D3                   .dbline 325
 04D3 550600            mov [_Vout_Lookup_Counter],0
 04D6                   .dbline 326
 04D6           ;                       temp_int=ip-ip_to_Vout_Lookup_Start;
 04D6 5106              mov A,[_ip+1]
 04D8 1187              sub A,-121
 04DA 5401              mov [X+1],A
 04DC 5105              mov A,[_ip]
 04DE 1900              sbb A,0
 04E0 5400              mov [X+0],A
 04E2                   .dbline 327
 04E2           ;                       if (temp_int<0)
 04E2 5201              mov A,[X+1]
 04E4 1100              sub A,0
 04E6 5200              mov A,[X+0]
 04E8 3180              xor A,-128
 04EA 1980              sbb A,(0 ^ 0x80)
 04EC D007              jnc L61
 04EE           X39:
 04EE                   .dbline 329
 04EE           ;                       {
 04EE           ;                               temp_int=0;
 04EE                   .dbline 329
 04EE 560100            mov [X+1],0
 04F1 560000            mov [X+0],0
 04F4                   .dbline 330
 04F4           ;                       }
 04F4           L61:
 04F4                   .dbline 331
 04F4           ;                       if (temp_int>(ip_to_Vout_Lookup_Size-1))
 04F4 509D              mov A,-99
 04F6 1301              sub A,[X+1]
 04F8 5200              mov A,[X+0]
 04FA 3180              xor A,-128
 04FC 5300              mov [__rX],A
 04FE 5080              mov A,(0 ^ 0x80)
 0500 1A00              sbb A,[__rX]
 0502 D007              jnc L63
 0504           X40:
 0504                   .dbline 333
 0504           ;                       {
 0504           ;                               temp_int=(ip_to_Vout_Lookup_Size-1);
 0504                   .dbline 333
 0504 56019D            mov [X+1],-99
 0507 560000            mov [X+0],0
 050A                   .dbline 334
 050A           ;                       }
 050A           L63:
 050A                   .dbline 335
 050A           ;                       PWM8_Vout_WritePulseWidth(ip_to_Vout_Lookup[temp_int]);
 050A 5201              mov A,[X+1]
 050C 0100              add A,<_ip_to_Vout_Lookup
 050E 5300              mov [__r1],A
 0510 5200              mov A,[X+0]
 0512 0900              adc A,>_ip_to_Vout_Lookup
 0514 10                push X
 0515 5800              mov X,[__r1]
 0517 28                romx
 0518 7C0000            xcall _PWM8_Vout_WritePulseWidth
 051B 20                pop X
 051C                   .dbline 338
 051C           ;                       
 051C           ;                       #ifdef NB_Out
 051C           ;                               temp_byte=23;//0.45v
 051C 560417            mov [X+4],23
 051F                   .dbline 339
 051F           ;                               if (ip<251) // 251 =0.9797787392968
 051F 5106              mov A,[_ip+1]
 0521 11FB              sub A,-5
 0523 5105              mov A,[_ip]
 0525 3180              xor A,-128
 0527 1980              sbb A,(0 ^ 0x80)
 0529 D004              jnc L65
 052B           X41:
 052B                   .dbline 341
 052B           ;                               {
 052B           ;                                       temp_byte=46; //0.9v
 052B                   .dbline 341
 052B 56042E            mov [X+4],46
 052E                   .dbline 343
 052E           ;                                       
 052E           ;                               }
 052E           L65:
 052E                   .dbline 344
 052E           ;                               if (ip>259) //259 = 1.02295956968912
 052E 5003              mov A,3
 0530 1206              sub A,[_ip+1]
 0532 5105              mov A,[_ip]
 0534 3180              xor A,-128
 0536 5300              mov [__rX],A
 0538 5081              mov A,(1 ^ 0x80)
 053A 1A00              sbb A,[__rX]
 053C D004              jnc L67
 053E           X42:
 053E                   .dbline 346
 053E           ;                               {
 053E           ;                                       temp_byte=0; //0v
 053E                   .dbline 346
 053E 560400            mov [X+4],0
 0541                   .dbline 347
 0541           ;                               }
 0541           L67:
 0541                   .dbline 348
 0541           ;                               PWM8_NB_Out_WritePulseWidth(temp_byte);
 0541 10                push X
 0542 5204              mov A,[X+4]
 0544 7C0000            xcall _PWM8_NB_Out_WritePulseWidth
 0547 20                pop X
 0548                   .dbline 351
 0548           ;                       #endif
 0548           ;                       
 0548           ;               }
 0548           L59:
 0548                   .dbline 352
 0548           ;               if (LCD_Counter>LCD_Counter_Set)
 0548 5032              mov A,50
 054A 3A08              cmp A,[_LCD_Counter]
 054C D269              jnc L69
 054E           X43:
 054E                   .dbline 354
 054E           ;               {
 054E           ;                       LCD_Counter=0;
 054E                   .dbline 354
 054E 550800            mov [_LCD_Counter],0
 0551                   .dbline 380
 0551           ;                       
 0551           ;                       #ifdef LCD_AFR_Text
 0551           ;                               temp_int=ip-ip_to_Lambda_Lookup_Start;
 0551           ;                               if (temp_int<0)
 0551           ;                               {
 0551           ;                                       temp_int=0;
 0551           ;                               }
 0551           ;                               if (temp_int>(ip_to_Lambda_Lookup_Size-1))
 0551           ;                               {
 0551           ;                                       temp_int=(ip_to_Lambda_Lookup_Size-1);
 0551           ;                               }
 0551           ;                               Lambda_x100=ip_to_Lambda_Lookup[temp_int];
 0551           ;                               temp_int=Lambda_x100;
 0551           ;                               LCD_Position(0,0);
 0551           ;                               temp_int2=temp_int/100;
 0551           ;                               Str3[4]=btoa(temp_int2);
 0551           ;                               temp_int=temp_int-100*temp_int2;
 0551           ;                               temp_int2=temp_int/10;
 0551           ;                               Str3[5]=btoa(temp_int2);
 0551           ;                               temp_int=temp_int-10*temp_int2;
 0551           ;                               Str3[7]=btoa(temp_int);
 0551           ;                               LCD_PrString(Str3);
 0551           ;                       #endif
 0551           ;                       
 0551           ;                       #ifdef LCD_Lambda_Text
 0551           ;                               temp_int=ip-ip_to_Lambda_Lookup_Start;
 0551 5106              mov A,[_ip+1]
 0553 1187              sub A,-121
 0555 5401              mov [X+1],A
 0557 5105              mov A,[_ip]
 0559 1900              sbb A,0
 055B 5400              mov [X+0],A
 055D                   .dbline 381
 055D           ;                               if (temp_int<0)
 055D 5201              mov A,[X+1]
 055F 1100              sub A,0
 0561 5200              mov A,[X+0]
 0563 3180              xor A,-128
 0565 1980              sbb A,(0 ^ 0x80)
 0567 D007              jnc L71
 0569           X44:
 0569                   .dbline 383
 0569           ;                               {
 0569           ;                                       temp_int=0;
 0569                   .dbline 383
 0569 560100            mov [X+1],0
 056C 560000            mov [X+0],0
 056F                   .dbline 384
 056F           ;                               }
 056F           L71:
 056F                   .dbline 385
 056F           ;                               if (temp_int>(ip_to_Lambda_Lookup_Size-1))
 056F 509D              mov A,-99
 0571 1301              sub A,[X+1]
 0573 5200              mov A,[X+0]
 0575 3180              xor A,-128
 0577 5300              mov [__rX],A
 0579 5080              mov A,(0 ^ 0x80)
 057B 1A00              sbb A,[__rX]
 057D D007              jnc L73
 057F           X45:
 057F                   .dbline 387
 057F           ;                               {
 057F           ;                                       temp_int=(ip_to_Lambda_Lookup_Size-1);
 057F                   .dbline 387
 057F 56019D            mov [X+1],-99
 0582 560000            mov [X+0],0
 0585                   .dbline 388
 0585           ;                               }
 0585           L73:
 0585                   .dbline 389
 0585           ;                               Lambda_x100=ip_to_Lambda_Lookup[temp_int];
 0585 5201              mov A,[X+1]
 0587 019E              add A,<_ip_to_Lambda_Lookup
 0589 5300              mov [__r1],A
 058B 5200              mov A,[X+0]
 058D 099E              adc A,>_ip_to_Lambda_Lookup
 058F 10                push X
 0590 5800              mov X,[__r1]
 0592 28                romx
 0593 20                pop X
 0594 5302              mov [_Lambda_x100],A
 0596                   .dbline 390
 0596           ;                               temp_int=Lambda_x100;
 0596 5102              mov A,[_Lambda_x100]
 0598 5401              mov [X+1],A
 059A 560000            mov [X+0],0
 059D                   .dbline 391
 059D           ;                               LCD_Position(0,0);
 059D 10                push X
 059E 5000              mov A,0
 05A0 5700              mov X,0
 05A2 7C0000            xcall _LCD_Position
 05A5 20                pop X
 05A6                   .dbline 392
 05A6           ;                               temp_int2=temp_int/100;
 05A6 5000              mov A,0
 05A8 08                push A
 05A9 5064              mov A,100
 05AB 08                push A
 05AC 5200              mov A,[X+0]
 05AE 08                push A
 05AF 5201              mov A,[X+1]
 05B1 08                push A
 05B2 7C0000            xcall __divmod_16X16_16
 05B5 18                pop A
 05B6 5403              mov [X+3],A
 05B8 18                pop A
 05B9 5402              mov [X+2],A
 05BB 38FE              add SP,-2
 05BD                   .dbline 393
 05BD           ;                               Str1[7]=btoa(temp_int2);
 05BD 5203              mov A,[X+3]
 05BF 08                push A
 05C0 9CF1              xcall _btoa
 05C2 38FF              add SP,-1
 05C4 5311              mov [_Str1+7],A
 05C6                   .dbline 394
 05C6           ;                               temp_int=temp_int-100*temp_int2;
 05C6 5203              mov A,[X+3]
 05C8 5300              mov [__r1],A
 05CA 5202              mov A,[X+2]
 05CC 5300              mov [__r0],A
 05CE 550064            mov [__r3],100
 05D1 550000            mov [__r2],0
 05D4 550000            mov [__rX],0
 05D7 550000            mov [__rY],0
 05DA           X46:
 05DA 3C0000            cmp [__r2],0
 05DD B006              jnz X49
 05DF 3C0000            cmp [__r3],0
 05E2 A017              jz X48
 05E4           X49:
 05E4 70FB              and F,-5
 05E6 6E00              rrc [__r2]
 05E8 6E00              rrc [__r3]
 05EA D009              jnc X47
 05EC 5100              mov A,[__r1]
 05EE 0400              add [__rX],A
 05F0 5100              mov A,[__r0]
 05F2 0C00              adc [__rY],A
 05F4           X47:
 05F4 6500              asl [__r1]
 05F6 6B00              rlc [__r0]
 05F8 8FE1              jmp X46
 05FA           X48:
 05FA 5F0000            mov [__r1],[__rX]
 05FD 5F0000            mov [__r0],[__rY]
 0600 5100              mov A,[__r1]
 0602 1501              sub [X+1],A
 0604 5100              mov A,[__r0]
 0606 1D00              sbb [X+0],A
 0608                   .dbline 395
 0608           ;                               temp_int2=temp_int/10;
 0608 5000              mov A,0
 060A 08                push A
 060B 500A              mov A,10
 060D 08                push A
 060E 5200              mov A,[X+0]
 0610 08                push A
 0611 5201              mov A,[X+1]
 0613 08                push A
 0614 7C0000            xcall __divmod_16X16_16
 0617 18                pop A
 0618 5403              mov [X+3],A
 061A 18                pop A
 061B 5402              mov [X+2],A
 061D 38FE              add SP,-2
 061F                   .dbline 396
 061F           ;                               Str1[9]=btoa(temp_int2);
 061F 5203              mov A,[X+3]
 0621 08                push A
 0622 9C8F              xcall _btoa
 0624 38FF              add SP,-1
 0626 5313              mov [_Str1+9],A
 0628                   .dbline 397
 0628           ;                               temp_int=temp_int-10*temp_int2;
 0628 5203              mov A,[X+3]
 062A 5300              mov [__r1],A
 062C 5202              mov A,[X+2]
 062E 5300              mov [__r0],A
 0630 55000A            mov [__r3],10
 0633 550000            mov [__r2],0
 0636 550000            mov [__rX],0
 0639 550000            mov [__rY],0
 063C           X50:
 063C 3C0000            cmp [__r2],0
 063F B006              jnz X53
 0641 3C0000            cmp [__r3],0
 0644 A017              jz X52
 0646           X53:
 0646 70FB              and F,-5
 0648 6E00              rrc [__r2]
 064A 6E00              rrc [__r3]
 064C D009              jnc X51
 064E 5100              mov A,[__r1]
 0650 0400              add [__rX],A
 0652 5100              mov A,[__r0]
 0654 0C00              adc [__rY],A
 0656           X51:
 0656 6500              asl [__r1]
 0658 6B00              rlc [__r0]
 065A 8FE1              jmp X50
 065C           X52:
 065C 5F0000            mov [__r1],[__rX]
 065F 5F0000            mov [__r0],[__rY]
 0662 5100              mov A,[__r1]
 0664 1501              sub [X+1],A
 0666 5100              mov A,[__r0]
 0668 1D00              sbb [X+0],A
 066A                   .dbline 398
 066A           ;                               Str1[10]=btoa(temp_int);
 066A 5201              mov A,[X+1]
 066C 08                push A
 066D 9C44              xcall _btoa
 066F 38FF              add SP,-1
 0671 5314              mov [_Str1+10],A
 0673                   .dbline 399
 0673           ;                               LCD_PrString(Str1);
 0673 10                push X
 0674 500A              mov A,>_Str1
 0676 08                push A
 0677 500A              mov A,<_Str1
 0679 5C                mov X,A
 067A 18                pop A
 067B 7C0000            xcall _LCD_PrString
 067E 20                pop X
 067F                   .dbline 417
 067F           ;                       #endif
 067F           ;                       
 067F           ;                       #ifdef LCD_Lambda_Graph
 067F           ;                               temp_int=ip-ip_to_Lambda_Lookup_Start;
 067F           ;                               if (temp_int<0)
 067F           ;                               {
 067F           ;                                       temp_int=0;
 067F           ;                               }
 067F           ;                               if (temp_int>(ip_to_Lambda_Lookup_Size-1))
 067F           ;                               {
 067F           ;                                       temp_int=(ip_to_Lambda_Lookup_Size-1);
 067F           ;                               }
 067F           ;                               Lambda_x100=ip_to_Graph_Lookup[temp_int];
 067F           ;                               LCD_DrawBG(0,0,16,Lambda_x100);
 067F           ;                       #endif
 067F           ;                       
 067F           ;                       #ifdef LCD_Temperature_Text
 067F           ;                               temp_int=Ri_Delta-Ri_Delta_to_Temperature_C_Start;
 067F 511C              mov A,[_Ri_Delta+1]
 0681 1171              sub A,113
 0683 5401              mov [X+1],A
 0685 511B              mov A,[_Ri_Delta]
 0687 1900              sbb A,0
 0689 5400              mov [X+0],A
 068B                   .dbline 418
 068B           ;                               if (temp_int<0)
 068B 5201              mov A,[X+1]
 068D 1100              sub A,0
 068F 5200              mov A,[X+0]
 0691 3180              xor A,-128
 0693 1980              sbb A,(0 ^ 0x80)
 0695 D007              jnc L78
 0697           X54:
 0697                   .dbline 420
 0697           ;                               {
 0697           ;                                       temp_int=0;
 0697                   .dbline 420
 0697 560100            mov [X+1],0
 069A 560000            mov [X+0],0
 069D                   .dbline 421
 069D           ;                               }
 069D           L78:
 069D                   .dbline 422
 069D           ;                               if (temp_int>(Ri_Delta_to_Temperature_C_Size-1))
 069D 504A              mov A,74
 069F 1301              sub A,[X+1]
 06A1 5200              mov A,[X+0]
 06A3 3180              xor A,-128
 06A5 5300              mov [__rX],A
 06A7 5080              mov A,(0 ^ 0x80)
 06A9 1A00              sbb A,[__rX]
 06AB D007              jnc L80
 06AD           X55:
 06AD                   .dbline 424
 06AD           ;                               {
 06AD           ;                                       temp_int=(Ri_Delta_to_Temperature_C_Size-1);
 06AD                   .dbline 424
 06AD 56014A            mov [X+1],74
 06B0 560000            mov [X+0],0
 06B3                   .dbline 425
 06B3           ;                               }
 06B3           L80:
 06B3                   .dbline 426
 06B3           ;                               LSU_Temperature_C=Ri_Delta_to_Temperature_C[temp_int]+Ri_Delta_to_Temperature_C_Offset;
 06B3 5201              mov A,[X+1]
 06B5 013C              add A,<_Ri_Delta_to_Temperature_C
 06B7 5300              mov [__r1],A
 06B9 5200              mov A,[X+0]
 06BB 093C              adc A,>_Ri_Delta_to_Temperature_C
 06BD 10                push X
 06BE 5800              mov X,[__r1]
 06C0 28                romx
 06C1 20                pop X
 06C2 01E4              add A,-28
 06C4 5301              mov [_LSU_Temperature_C+1],A
 06C6 5000              mov A,0
 06C8 0902              adc A,2
 06CA 5300              mov [_LSU_Temperature_C],A
 06CC                   .dbline 427
 06CC           ;                               temp_int=LSU_Temperature_C;
 06CC 5101              mov A,[_LSU_Temperature_C+1]
 06CE 5401              mov [X+1],A
 06D0 5100              mov A,[_LSU_Temperature_C]
 06D2 5400              mov [X+0],A
 06D4                   .dbline 428
 06D4           ;                               LCD_Position(1,0);           
 06D4 10                push X
 06D5 5700              mov X,0
 06D7 5001              mov A,1
 06D9 7C0000            xcall _LCD_Position
 06DC 20                pop X
 06DD                   .dbline 429
 06DD           ;                               temp_int2=temp_int/100;
 06DD 5000              mov A,0
 06DF 08                push A
 06E0 5064              mov A,100
 06E2 08                push A
 06E3 5200              mov A,[X+0]
 06E5 08                push A
 06E6 5201              mov A,[X+1]
 06E8 08                push A
 06E9 7C0000            xcall __divmod_16X16_16
 06EC 18                pop A
 06ED 5403              mov [X+3],A
 06EF 18                pop A
 06F0 5402              mov [X+2],A
 06F2 38FE              add SP,-2
 06F4                   .dbline 430
 06F4           ;                               Str2[12]=btoa(temp_int2);
 06F4 5203              mov A,[X+3]
 06F6 08                push A
 06F7 9BBA              xcall _btoa
 06F9 38FF              add SP,-1
 06FB 5322              mov [_Str2+12],A
 06FD                   .dbline 431
 06FD           ;                               temp_int=temp_int-100*temp_int2;
 06FD 5203              mov A,[X+3]
 06FF 5300              mov [__r1],A
 0701 5202              mov A,[X+2]
 0703 5300              mov [__r0],A
 0705 550064            mov [__r3],100
 0708 550000            mov [__r2],0
 070B 550000            mov [__rX],0
 070E 550000            mov [__rY],0
 0711           X56:
 0711 3C0000            cmp [__r2],0
 0714 B006              jnz X59
 0716 3C0000            cmp [__r3],0
 0719 A017              jz X58
 071B           X59:
 071B 70FB              and F,-5
 071D 6E00              rrc [__r2]
 071F 6E00              rrc [__r3]
 0721 D009              jnc X57
 0723 5100              mov A,[__r1]
 0725 0400              add [__rX],A
 0727 5100              mov A,[__r0]
 0729 0C00              adc [__rY],A
 072B           X57:
 072B 6500              asl [__r1]
 072D 6B00              rlc [__r0]
 072F 8FE1              jmp X56
 0731           X58:
 0731 5F0000            mov [__r1],[__rX]
 0734 5F0000            mov [__r0],[__rY]
 0737 5100              mov A,[__r1]
 0739 1501              sub [X+1],A
 073B 5100              mov A,[__r0]
 073D 1D00              sbb [X+0],A
 073F                   .dbline 432
 073F           ;                               temp_int2=temp_int/10;
 073F 5000              mov A,0
 0741 08                push A
 0742 500A              mov A,10
 0744 08                push A
 0745 5200              mov A,[X+0]
 0747 08                push A
 0748 5201              mov A,[X+1]
 074A 08                push A
 074B 7C0000            xcall __divmod_16X16_16
 074E 18                pop A
 074F 5403              mov [X+3],A
 0751 18                pop A
 0752 5402              mov [X+2],A
 0754 38FE              add SP,-2
 0756                   .dbline 433
 0756           ;                               Str2[13]=btoa(temp_int2);
 0756 5203              mov A,[X+3]
 0758 08                push A
 0759 9B58              xcall _btoa
 075B 38FF              add SP,-1
 075D 5323              mov [_Str2+13],A
 075F                   .dbline 434
 075F           ;                               temp_int=temp_int-10*temp_int2;
 075F 5203              mov A,[X+3]
 0761 5300              mov [__r1],A
 0763 5202              mov A,[X+2]
 0765 5300              mov [__r0],A
 0767 55000A            mov [__r3],10
 076A 550000            mov [__r2],0
 076D 550000            mov [__rX],0
 0770 550000            mov [__rY],0
 0773           X60:
 0773 3C0000            cmp [__r2],0
 0776 B006              jnz X63
 0778 3C0000            cmp [__r3],0
 077B A017              jz X62
 077D           X63:
 077D 70FB              and F,-5
 077F 6E00              rrc [__r2]
 0781 6E00              rrc [__r3]
 0783 D009              jnc X61
 0785 5100              mov A,[__r1]
 0787 0400              add [__rX],A
 0789 5100              mov A,[__r0]
 078B 0C00              adc [__rY],A
 078D           X61:
 078D 6500              asl [__r1]
 078F 6B00              rlc [__r0]
 0791 8FE1              jmp X60
 0793           X62:
 0793 5F0000            mov [__r1],[__rX]
 0796 5F0000            mov [__r0],[__rY]
 0799 5100              mov A,[__r1]
 079B 1501              sub [X+1],A
 079D 5100              mov A,[__r0]
 079F 1D00              sbb [X+0],A
 07A1                   .dbline 435
 07A1           ;                               Str2[14]=btoa(temp_int);
 07A1 5201              mov A,[X+1]
 07A3 08                push A
 07A4 9B0D              xcall _btoa
 07A6 38FF              add SP,-1
 07A8 5324              mov [_Str2+14],A
 07AA                   .dbline 436
 07AA           ;                               LCD_PrString(Str2);
 07AA 10                push X
 07AB 5016              mov A,>_Str2
 07AD 08                push A
 07AE 5016              mov A,<_Str2
 07B0 5C                mov X,A
 07B1 18                pop A
 07B2 7C0000            xcall _LCD_PrString
 07B5 20                pop X
 07B6                   .dbline 452
 07B6           ;                       #endif
 07B6           ;                       
 07B6           ;                       #ifdef LCD_Temperature_Graph
 07B6           ;                               temp_int=Ri_Delta-Ri_Delta_to_Temperature_C_Start;
 07B6           ;                               if (temp_int<0)
 07B6           ;                               {
 07B6           ;                                       temp_int=0;
 07B6           ;                               }
 07B6           ;                               if (temp_int>(Ri_Delta_to_Temperature_C_Size-1))
 07B6           ;                               {
 07B6           ;                                       temp_int=(Ri_Delta_to_Temperature_C_Size-1);
 07B6           ;                               }
 07B6           ;                               LSU_Temperature_C=Ri_Delta_to_Graph[temp_int];
 07B6           ;                               LCD_DrawBG(1,0,16,LSU_Temperature_C);
 07B6           ;                       #endif
 07B6           ;               }
 07B6           L69:
 07B6                   .dbline 453
 07B6           ;               if (Heatup_Heater_Output<255)
 07B6 3C04FF            cmp [_Heatup_Heater_Output],-1
 07B9 DBF2              jnc L45
 07BB           X64:
 07BB                   .dbline 455
 07BB           ;               {   
 07BB           ;                       if (Heatup_Counter>Heatup_Counter_Set)
 07BB                   .dbline 455
 07BB 5064              mov A,100
 07BD 3A09              cmp A,[_Heatup_Counter]
 07BF D006              jnc L87
 07C1           X65:
 07C1                   .dbline 457
 07C1           ;                       {
 07C1           ;                               Heatup_Counter=0;
 07C1                   .dbline 457
 07C1 550900            mov [_Heatup_Counter],0
 07C4                   .dbline 458
 07C4           ;                               Heatup_Heater_Output++;
 07C4 7604              inc [_Heatup_Heater_Output]
 07C6                   .dbline 459
 07C6           ;                       }
 07C6           L87:
 07C6                   .dbline 460
 07C6           ;                       if ((Ri_Min>50) && (Ri_Max<475) && (Ri_Delta<Ri_Delta_Target))
 07C6 5032              mov A,50
 07C8 120A              sub A,[_Ri_Min+1]
 07CA 5109              mov A,[_Ri_Min]
 07CC 3180              xor A,-128
 07CE 5300              mov [__rX],A
 07D0 5080              mov A,(0 ^ 0x80)
 07D2 1A00              sbb A,[__rX]
 07D4 DBD7              jnc L45
 07D6           X66:
 07D6 5108              mov A,[_Ri_Max+1]
 07D8 11DB              sub A,-37
 07DA 5107              mov A,[_Ri_Max]
 07DC 3180              xor A,-128
 07DE 1981              sbb A,(1 ^ 0x80)
 07E0 DBCB              jnc L45
 07E2           X67:
 07E2 511C              mov A,[_Ri_Delta+1]
 07E4 118F              sub A,-113
 07E6 511B              mov A,[_Ri_Delta]
 07E8 3180              xor A,-128
 07EA 1980              sbb A,(0 ^ 0x80)
 07EC DBBF              jnc L45
 07EE           X68:
 07EE                   .dbline 462
 07EE           ;                       {
 07EE           ;                               Heatup_Heater_Output=255;
 07EE                   .dbline 462
 07EE 5504FF            mov [_Heatup_Heater_Output],-1
 07F1                   .dbline 463
 07F1           ;                               Ri_Delta_Error_Sum=0;
 07F1 550300            mov [_Ri_Delta_Error_Sum+1],0
 07F4 550200            mov [_Ri_Delta_Error_Sum],0
 07F7                   .dbline 464
 07F7           ;                       }
 07F7                   .dbline 465
 07F7           ;               }
 07F7                   .dbline 466
 07F7           ;       }
 07F7                   .dbline 285
 07F7                   .dbline 285
 07F7 8BB4              xjmp L45
 07F9           X35:
 07F9                   .dbline -2
 07F9           L44:
 07F9 38F7              add SP,-9
 07FB 20                pop X
 07FC                   .dbline 0 ; func end
 07FC 8FFF              jmp .
 07FE                   .dbsym l temp_ulong 5 l
 07FE                   .dbsym l temp_byte 4 c
 07FE                   .dbsym l temp_int2 2 I
 07FE                   .dbsym l temp_int 0 I
 07FE                   .dbend
                        .area bss(ram, con, rel)
 0000                   .dbfile C:\Work\SLC_FR~3\Dev\SLC_FR~3\SLC_FR~1\SLC_FR~1\main.c
 0000           _LSU_Temperature_C::
 0000                   .blkb 2
 0002                   .dbsym e LSU_Temperature_C _LSU_Temperature_C I
 0002           _Lambda_x100::
 0002                   .blkb 1
 0003                   .dbsym e Lambda_x100 _Lambda_x100 c
 0003           _ip_Justified::
 0003                   .blkb 2
 0005                   .dbsym e ip_Justified _ip_Justified I
 0005           _ip::
 0005                   .blkb 2
 0007                   .dbsym e ip _ip I
 0007           _Ri_Max::
 0007                   .blkb 2
 0009                   .dbsym e Ri_Max _Ri_Max I
 0009           _Ri_Min::
 0009                   .blkb 2
 000B                   .dbsym e Ri_Min _Ri_Min I
 000B           _Ia_Iout::
 000B                   .blkb 2
 000D                   .dbsym e Ia_Iout _Ia_Iout I
 000D           _Ia_Pout::
 000D                   .blkb 2
 000F                   .dbsym e Ia_Pout _Ia_Pout I
 000F           _Ia_Output::
 000F                   .blkb 2
 0011                   .dbsym e Ia_Output _Ia_Output I
 0011           _Ri_Mid_Error::
 0011                   .blkb 2
 0013                   .dbsym e Ri_Mid_Error _Ri_Mid_Error I
 0013           _Heater_Iout::
 0013                   .blkb 2
 0015                   .dbsym e Heater_Iout _Heater_Iout I
 0015           _Heater_Pout::
 0015                   .blkb 2
 0017                   .dbsym e Heater_Pout _Heater_Pout I
 0017           _Heater_Output::
 0017                   .blkb 2
 0019                   .dbsym e Heater_Output _Heater_Output I
 0019           _Ri_Delta_Error::
 0019                   .blkb 2
 001B                   .dbsym e Ri_Delta_Error _Ri_Delta_Error I
 001B           _Ri_Delta::
 001B                   .blkb 2
 001D                   .dbsym e Ri_Delta _Ri_Delta I
 001D           _Ri_Mid::
 001D                   .blkb 2
 001F                   .dbsym e Ri_Mid _Ri_Mid I
